[2025-06-01T01:50:00.000Z] INFO  frontend        GET /dashboard 200 34ms user_id=u404
[2025-06-01T01:50:10.000Z] INFO  frontend        GET /api/orders 200 45ms user_id=u261
[2025-06-01T01:50:30.000Z] INFO  frontend        GET /dashboard 200 34ms user_id=u701
[2025-06-01T01:50:40.000Z] INFO  frontend        GET /api/orders 200 45ms user_id=u239
[2025-06-01T01:51:00.000Z] INFO  frontend        GET /dashboard 200 34ms user_id=u751
[2025-06-01T01:51:10.000Z] INFO  frontend        GET /api/orders 200 45ms user_id=u536
[2025-06-01T01:51:30.000Z] INFO  frontend        GET /dashboard 200 34ms user_id=u303
[2025-06-01T01:51:40.000Z] INFO  frontend        GET /api/orders 200 45ms user_id=u867
[2025-06-01T01:52:00.000Z] INFO  frontend        GET /dashboard 200 34ms user_id=u747
[2025-06-01T01:52:10.000Z] INFO  frontend        GET /api/orders 200 45ms user_id=u221
[2025-06-01T01:52:30.000Z] INFO  frontend        GET /dashboard 200 34ms user_id=u653
[2025-06-01T01:52:40.000Z] INFO  frontend        GET /api/orders 200 45ms user_id=u757
[2025-06-01T01:53:00.000Z] INFO  frontend        GET /dashboard 200 34ms user_id=u924
[2025-06-01T01:53:10.000Z] INFO  frontend        GET /api/orders 200 45ms user_id=u456
[2025-06-01T01:53:30.000Z] INFO  frontend        GET /dashboard 200 34ms user_id=u422
[2025-06-01T01:53:40.000Z] INFO  frontend        GET /api/orders 200 45ms user_id=u687
[2025-06-01T01:54:00.000Z] INFO  frontend        GET /dashboard 200 34ms user_id=u838
[2025-06-01T01:54:10.000Z] INFO  frontend        GET /api/orders 200 45ms user_id=u666
[2025-06-01T01:54:30.000Z] INFO  frontend        GET /dashboard 200 34ms user_id=u234
[2025-06-01T01:54:40.000Z] INFO  frontend        GET /api/orders 200 45ms user_id=u279
[2025-06-01T01:55:00.000Z] INFO  frontend        GET /dashboard 200 34ms user_id=u929
[2025-06-01T01:55:10.000Z] INFO  frontend        GET /api/orders 200 45ms user_id=u565
[2025-06-01T01:55:30.000Z] INFO  frontend        GET /dashboard 200 34ms user_id=u398
[2025-06-01T01:55:40.000Z] INFO  frontend        GET /api/orders 200 45ms user_id=u365
[2025-06-01T01:56:00.000Z] INFO  frontend        GET /dashboard 200 34ms user_id=u791
[2025-06-01T01:56:10.000Z] INFO  frontend        GET /api/orders 200 45ms user_id=u806
[2025-06-01T01:56:30.000Z] INFO  frontend        GET /dashboard 200 34ms user_id=u623
[2025-06-01T01:56:40.000Z] INFO  frontend        GET /api/orders 200 45ms user_id=u214
[2025-06-01T01:57:00.000Z] INFO  frontend        GET /dashboard 200 34ms user_id=u878
[2025-06-01T01:57:10.000Z] INFO  frontend        GET /api/orders 200 45ms user_id=u832
[2025-06-01T01:57:30.000Z] INFO  frontend        GET /dashboard 200 34ms user_id=u143
[2025-06-01T01:57:40.000Z] INFO  frontend        GET /api/orders 200 45ms user_id=u655
[2025-06-01T01:58:00.000Z] INFO  frontend        GET /dashboard 200 34ms user_id=u637
[2025-06-01T01:58:10.000Z] INFO  frontend        GET /api/orders 200 45ms user_id=u772
[2025-06-01T01:58:30.000Z] INFO  frontend        GET /dashboard 200 34ms user_id=u987
[2025-06-01T01:58:40.000Z] INFO  frontend        GET /api/orders 200 45ms user_id=u857
[2025-06-01T01:59:00.000Z] INFO  frontend        GET /dashboard 200 34ms user_id=u532
[2025-06-01T01:59:10.000Z] INFO  frontend        GET /api/orders 200 45ms user_id=u194
[2025-06-01T01:59:30.000Z] INFO  frontend        GET /dashboard 200 34ms user_id=u635
[2025-06-01T01:59:40.000Z] INFO  frontend        GET /api/orders 200 45ms user_id=u202
[2025-06-01T02:00:00.000Z]  WARN  frontend        POST /checkout 502 Bad Gateway — upstream timeout user_id=u882
[2025-06-01T02:00:15.000Z] ERROR frontend        POST /checkout 502 Bad Gateway — upstream timeout user_id=u441
[2025-06-01T02:00:20.000Z] ERROR frontend        POST /checkout 502 Bad Gateway — upstream timeout user_id=u237
[2025-06-01T02:00:30.000Z] ERROR frontend        POST /checkout 504 Gateway Timeout user_id=u991
[2025-06-01T02:00:45.000Z] ERROR frontend        POST /checkout 504 Gateway Timeout user_id=u102
[2025-06-01T02:01:00.000Z]  WARN  frontend        Retry attempt 1/3 for POST /checkout user_id=u882
[2025-06-01T02:01:30.000Z] ERROR frontend        Retry attempt 3/3 FAILED for POST /checkout — giving up user_id=u882
[2025-06-01T02:01:35.000Z]  WARN  frontend        Error rate spike detected: 78% of /checkout requests failing
[2025-06-01T02:01:40.000Z] ERROR frontend        POST /checkout 502 Bad Gateway user_id=u391
[2025-06-01T02:02:00.000Z] ERROR frontend        POST /checkout 502 Bad Gateway user_id=u961
[2025-06-01T02:02:20.000Z] ERROR frontend        POST /checkout 502 Bad Gateway user_id=u578
[2025-06-01T02:02:40.000Z] ERROR frontend        POST /checkout 502 Bad Gateway user_id=u160
[2025-06-01T02:03:00.000Z] ERROR frontend        POST /checkout 502 Bad Gateway user_id=u560
